// Jest Snapshot v1, https://goo.gl/fbAQLP

exports[`should render correctly 1`] = `
<Modal
  contentLabel="projects"
  onRequestClose={[MockFunction]}
>
  <div
    className="modal-head"
  >
    <h2>
      projects
    </h2>
  </div>
  <div
    className="modal-body modal-container"
    id="profile-projects"
  >
    <SelectList
      allowBulkSelection={true}
      elements={
        Array [
          "test1",
          "test2",
          "test3",
        ]
      }
      elementsTotalCount={55}
      labelAll="quality_gates.projects.all"
      labelSelected="quality_gates.projects.with"
      labelUnselected="quality_gates.projects.without"
      needReload={false}
      onLoadMore={[Function]}
      onReload={[Function]}
      onSearch={[Function]}
      onSelect={[Function]}
      onUnselect={[Function]}
      renderElement={[Function]}
      selectedElements={
        Array [
          "test3",
        ]
      }
    />
  </div>
  <div
    className="modal-foot"
  >
    <a
      href="#"
      onClick={[Function]}
    >
      close
    </a>
  </div>
</Modal>
`;
