// Jest Snapshot v1, https://goo.gl/fbAQLP

exports[`should render modal properly 1`] = `
<Modal
  contentLabel="users.update"
  onRequestClose={[MockFunction]}
>
  <header
    className="modal-head"
  >
    <h2>
      users.update
    </h2>
  </header>
  <div
    className="modal-body modal-container"
  >
    <DeferredSpinner
      loading={false}
      timeout={100}
    >
      <SelectList
        elements={
          Array [
            "foo",
          ]
        }
        needReload={false}
        onLoadMore={[Function]}
        onReload={[Function]}
        onSearch={[Function]}
        onSelect={[Function]}
        onUnselect={[Function]}
        renderElement={[Function]}
        selectedElements={
          Array [
            "foo",
          ]
        }
      />
    </DeferredSpinner>
  </div>
  <footer
    className="modal-foot"
  >
    <ResetButtonLink
      onClick={[MockFunction]}
    >
      Done
    </ResetButtonLink>
  </footer>
</Modal>
`;
